### YamlMime:ManagedReference
items:
- uid: HelloWorld.Program
  commentId: T:HelloWorld.Program
  id: Program
  parent: HelloWorld
  children:
  - HelloWorld.Program.Main(System.String[])
  langs:
  - csharp
  - vb
  name: Program
  nameWithType: Program
  fullName: HelloWorld.Program
  type: Class
  source:
    id: Program
    path: E:\Repo2\docfx.test\test-projects\HelloWorld\Program.cs
    startLine: 4
  assemblies:
  - HelloWorld
  namespace: HelloWorld
  syntax:
    content: 'public class Program : object'
    content.vb: >-
      Public Class Program

          Inherits Object
  inheritance:
  - System.Object
  modifiers.csharp:
  - public
  - class
  modifiers.vb:
  - Public
  - Class
- uid: HelloWorld.Program.Main(System.String[])
  commentId: M:HelloWorld.Program.Main(System.String[])
  id: Main(System.String[])
  parent: HelloWorld.Program
  langs:
  - csharp
  - vb
  name: Main(String[])
  nameWithType: Program.Main(String[])
  fullName: HelloWorld.Program.Main(System.String[])
  type: Method
  source:
    id: Main
    path: E:\Repo2\docfx.test\test-projects\HelloWorld\Program.cs
    startLine: 6
  assemblies:
  - HelloWorld
  namespace: HelloWorld
  syntax:
    content: public static void Main(string[] args)
    parameters:
    - id: args
      type: System.String[]
    content.vb: Public Shared Sub Main(args As String())
  overload: HelloWorld.Program.Main*
  nameWithType.vb: Program.Main(String())
  modifiers.csharp:
  - public
  - static
  modifiers.vb:
  - Public
  - Shared
  fullName.vb: HelloWorld.Program.Main(System.String())
  name.vb: Main(String())
references:
- uid: HelloWorld
  commentId: N:HelloWorld
  isExternal: false
  name: HelloWorld
  nameWithType: HelloWorld
  fullName: HelloWorld
- uid: System.Object
  commentId: T:System.Object
  parent: System
  isExternal: true
  name: Object
  nameWithType: Object
  fullName: System.Object
- uid: System
  commentId: N:System
  isExternal: false
  name: System
  nameWithType: System
  fullName: System
- uid: HelloWorld.Program.Main*
  commentId: Overload:HelloWorld.Program.Main
  isExternal: false
  name: Main
  nameWithType: Program.Main
  fullName: HelloWorld.Program.Main
- uid: System.String[]
  name: String[]
  nameWithType: String[]
  fullName: System.String[]
  nameWithType.vb: String()
  fullName.vb: System.String()
  name.vb: String()
  spec.csharp:
  - uid: System.String
    name: String
    nameWithType: String
    fullName: System.String
    isExternal: true
  - name: '[]'
    nameWithType: '[]'
    fullName: '[]'
  spec.vb:
  - uid: System.String
    name: String
    nameWithType: String
    fullName: System.String
    isExternal: true
  - name: ()
    nameWithType: ()
    fullName: ()
