### YamlMime:ManagedReference
items:
- uid: TestLibrary
  commentId: N:TestLibrary
  id: TestLibrary
  children:
  - TestLibrary.Helper
  langs:
  - csharp
  - vb
  name: TestLibrary
  nameWithType: TestLibrary
  fullName: TestLibrary
  type: Namespace
  assemblies:
  - NetStandardAndNetCoreApp
references:
- uid: TestLibrary.Helper
  commentId: T:TestLibrary.Helper
  isExternal: false
  name: Helper
  nameWithType: Helper
  fullName: TestLibrary.Helper
