### YamlMime:ManagedReference
items:
- uid: TestNs.TestClass
  commentId: T:TestNs.TestClass
  id: TestClass
  parent: TestNs
  children: []
  langs:
  - csharp
  - vb
  name: TestClass
  nameWithType: TestClass
  fullName: TestNs.TestClass
  type: Class
  source:
    id: TestClass
    path: E:\Repo2\docfx.test\test-projects\ProjectWithGeneratedFile\obj\Release\netcoreapp1.1\test.g.cs
  assemblies:
  - ProjectWithGeneratedFile
  namespace: TestNs
  syntax:
    content: 'public class TestClass : object'
    content.vb: >-
      Public Class TestClass

          Inherits Object
  inheritance:
  - System.Object
  modifiers.csharp:
  - public
  - class
  modifiers.vb:
  - Public
  - Class
references:
- uid: TestNs
  commentId: N:TestNs
  isExternal: false
  name: TestNs
  nameWithType: TestNs
  fullName: TestNs
- uid: System.Object
  commentId: T:System.Object
  parent: System
  isExternal: true
  name: Object
  nameWithType: Object
  fullName: System.Object
- uid: System
  commentId: N:System
  isExternal: false
  name: System
  nameWithType: System
  fullName: System
