### YamlMime:ManagedReference
items:
- uid: Lib
  commentId: N:Lib
  id: Lib
  children:
  - Lib.Class1
  langs:
  - csharp
  - vb
  name: Lib
  nameWithType: Lib
  fullName: Lib
  type: Namespace
  assemblies:
  - Lib
references:
- uid: Lib.Class1
  commentId: T:Lib.Class1
  isExternal: false
  name: Class1
  nameWithType: Class1
  fullName: Lib.Class1
