### YamlMime:ManagedReference
items:
- uid: HelloWorldSlim
  commentId: N:HelloWorldSlim
  id: HelloWorldSlim
  children:
  - HelloWorldSlim.Program
  langs:
  - csharp
  - vb
  name: HelloWorldSlim
  nameWithType: HelloWorldSlim
  fullName: HelloWorldSlim
  type: Namespace
  assemblies:
  - HelloWorldSlim
references:
- uid: HelloWorldSlim.Program
  commentId: T:HelloWorldSlim.Program
  isExternal: false
  name: Program
  nameWithType: Program
  fullName: HelloWorldSlim.Program
